D:\SaaS_Application_Development\full-stack-school\bookish-spork\src\components\AttendanceSpreadsheet.tsx: line 54, col 40, Error - React Hook "useTransition" is called conditionally. React Hooks must be called in the exact same order in every component render. (react-hooks/rules-of-hooks)
D:\SaaS_Application_Development\full-stack-school\bookish-spork\src\components\AttendanceSpreadsheet.tsx: line 55, col 41, Error - React Hook "useState" is called conditionally. React Hooks must be called in the exact same order in every component render. (react-hooks/rules-of-hooks)
D:\SaaS_Application_Development\full-stack-school\bookish-spork\src\components\AttendanceSpreadsheet.tsx: line 58, col 82, Error - React Hook "useForm" is called conditionally. React Hooks must be called in the exact same order in every component render. Did you accidentally call a React Hook after an early return? (react-hooks/rules-of-hooks)
D:\SaaS_Application_Development\full-stack-school\bookish-spork\src\components\AttendanceSpreadsheet.tsx: line 74, col 22, Error - React Hook "useFieldArray" is called conditionally. React Hooks must be called in the exact same order in every component render. Did you accidentally call a React Hook after an early return? (react-hooks/rules-of-hooks)
D:\SaaS_Application_Development\full-stack-school\bookish-spork\src\components\AttendanceSpreadsheet.tsx: line 82, col 3, Error - React Hook "useEffect" is called conditionally. React Hooks must be called in the exact same order in every component render. Did you accidentally call a React Hook after an early return? (react-hooks/rules-of-hooks)
D:\SaaS_Application_Development\full-stack-school\bookish-spork\src\components\AttendanceSpreadsheet.tsx: line 98, col 3, Error - React Hook "useEffect" is called conditionally. React Hooks must be called in the exact same order in every component render. Did you accidentally call a React Hook after an early return? (react-hooks/rules-of-hooks)
D:\SaaS_Application_Development\full-stack-school\bookish-spork\src\components\AttendanceSpreadsheet.tsx: line 125, col 3, Error - React Hook "useEffect" is called conditionally. React Hooks must be called in the exact same order in every component render. Did you accidentally call a React Hook after an early return? (react-hooks/rules-of-hooks)
D:\SaaS_Application_Development\full-stack-school\bookish-spork\src\components\ConsumerAttendanceDashboard.tsx: line 120, col 89, Error - `"` can be escaped with `&quot;`, `&ldquo;`, `&#34;`, `&rdquo;`. (react/no-unescaped-entities)
D:\SaaS_Application_Development\full-stack-school\bookish-spork\src\components\ConsumerAttendanceDashboard.tsx: line 120, col 101, Error - `"` can be escaped with `&quot;`, `&ldquo;`, `&#34;`, `&rdquo;`. (react/no-unescaped-entities)
D:\SaaS_Application_Development\full-stack-school\bookish-spork\src\lib\Color.tsx: line 1, col 1, Warning - Assign object to a variable before exporting as module default (import/no-anonymous-default-export)

10 problems
